// Jest Snapshot v1, https://goo.gl/fbAQLP

exports[`ColumnResizer renders with only a width 1`] = `
<div
  data-mock="DraggableCore"
>
  <div
    className="hig__table__column-resizer"
    onClick={[Function]}
    style={
      Object {
        "borderRightStyle": "solid",
        "borderRightWidth": 50,
        "bottom": 0,
        "cursor": "ew-resize",
        "position": "absolute",
        "right": 0,
        "top": 0,
      }
    }
  />
</div>
`;
