// Jest Snapshot v1, https://goo.gl/fbAQLP

exports[`side-nav/Submodule snapshot tests renders with no props 1`] = `
<div
  className="hig--light-theme hig__side-nav__submodule"
  href={undefined}
  onClick={undefined}
  onMouseOver={undefined}
  target={undefined}
/>
`;
