// Jest Snapshot v1, https://goo.gl/fbAQLP

exports[`side-nav/Group snapshot tests renders with no props 1`] = `
<section
  className="hig--light-theme hig__side-nav__group"
/>
`;
