// Jest Snapshot v1, https://goo.gl/fbAQLP

exports[`side-nav/Link snapshot tests renders with no props 1`] = `
<div
  className="hig--light-theme hig__side-nav__link"
  href={undefined}
  onClick={[Function]}
  onMouseOver={[Function]}
  target={undefined}
/>
`;
